Failed to start server MongooseServerSelectionError: Could not connect to any servers in your MongoDB Atlas cluster. One common reason is that you're trying to access the database from an IP that isn't whitelisted. Make sure your current IP address is on your Atlas cluster's IP whitelist: https://www.mongodb.com/docs/atlas/security-whitelist/
    at _handleConnectionErrors (D:\tcm-ac\node_modules\mongoose\lib\connection.js:1169:11)
    at NativeConnection.openUri (D:\tcm-ac\node_modules\mongoose\lib\connection.js:1100:11)
    at async connectDatabase (file:///D:/tcm-ac/backend/src/config/db.js:11:3) {
  errorLabelSet: Set(0) {},
  reason: TopologyDescription {
    type: 'ReplicaSetNoPrimary',
    servers: Map(3) {
      'ac-l8fznug-shard-00-00.awpkoaz.mongodb.net:27017' => [ServerDescription],
      'ac-l8fznug-shard-00-01.awpkoaz.mongodb.net:27017' => [ServerDescription],
      'ac-l8fznug-shard-00-02.awpkoaz.mongodb.net:27017' => [ServerDescription]
    },
    stale: false,
    compatible: true,
    heartbeatFrequencyMS: 10000,
    localThresholdMS: 15,
    setName: 'atlas-qb11g8-shard-0',
    maxElectionId: null,
    maxSetVersion: null,
    commonWireVersion: 0,
    logicalSessionTimeoutMinutes: null
  },
  code: undefined,
  cause: TopologyDescription {
    type: 'ReplicaSetNoPrimary',
    servers: Map(3) {
      'ac-l8fznug-shard-00-00.awpkoaz.mongodb.net:27017' => [ServerDescription],
      'ac-l8fznug-shard-00-01.awpkoaz.mongodb.net:27017' => [ServerDescription],
      'ac-l8fznug-shard-00-02.awpkoaz.mongodb.net:27017' => [ServerDescription]
    },
    stale: false,
    compatible: true,
    heartbeatFrequencyMS: 10000,
    localThresholdMS: 15,
    setName: 'atlas-qb11g8-shard-0',
    maxElectionId: null,
    maxSetVersion: null,
    commonWireVersion: 0,
    logicalSessionTimeoutMinutes: null
  }
}
npm error Lifecycle script `start` failed with error:
npm error code 1
npm error path D:\tcm-ac\backend
npm error workspace @tcm/backend@0.1.0
npm error location D:\tcm-ac\backend
npm error command failed
npm error command C:\Windows\system32\cmd.exe /d /s /c node src/server.js
